[:twice, [4, 6]]
[:through_self, [4, :nil]]
[:through_other, [4, :nil]]
[:loop_writes, TypeError]
[:later_block, [4, true]]
[:rewrite_after_call, [7, 3]]
[:index_use, [20, true]]
[:float_twice, [3.0, 2.0]]
[:float_through_self, [2.5, :nil]]
[:nil_first, NoMethodError]
[:nil_float, NoMethodError]
[:cmp_operand, [true, false]]
[:cmp_nil, ArgumentError]
[:local_twice, [3, 4]]
[:local_rewrite, [2, :nil]]
[:param_twice, [5, 8]]
[:param_nil, NoMethodError]
[:closure_write, [6, :nil]]
[:float_param, [5.5, -1.0]]
[:float_param_nil, TypeError]
