7
NoMethodError: undefined method '+' for nil
TypeError: nil can't be coerced into Integer
NoMethodError: undefined method '+' for nil
TypeError: nil can't be coerced into Integer
TypeError: nil can't be coerced into Integer
NoMethodError: undefined method '*' for nil
NoMethodError: undefined method '<' for nil
NoMethodError: undefined method '+' for nil
NoMethodError: undefined method '+' for nil
[nil, nil]
"rescued NoMethodError"
"rescued TypeError"
3
NoMethodError: undefined method '+' for nil
NoMethodError: undefined method '+' for nil
NoMethodError: undefined method '-' for nil
NoMethodError: undefined method '-' for nil
TypeError: nil can't be coerced into Integer
7
NoMethodError: undefined method '+' for nil
TypeError: nil can't be coerced into Integer
3
NoMethodError: undefined method '+' for nil
