["aaa!", "aaa!"]
["aaa!?", "aaa!?"]
["bbb!", "bbb!"]
["bbb!?", "bbb!?"]
"ggg!"
["ccc!", "ccc!", "ccc!"]
["XYZaaa", "XYZaaa"]
["X-YZaaa", "X-YZaaa"]
["-YZaaa", "-YZaaa"]
["ZYZaaa", "ZYZaaa"]
["qYZaaa", "qYZaaa"]
["wqYZaaa", "wqYZaaa"]
["wqYZaaa=", "wqYZaaa="]
["src!", "src!"]
["ttt!", "ttt!"]
["ttt!?", "ttt!?"]
["ooo!", "ooo!"]
["ooo!?", "ooo!?"]
[true, true, true]
["qqq!", "qqq!", "qqq!"]
[true, true]
["qqq!?", "qqq!?"]
[7, 7]
[9, 9]
[5, 5]
[8, 8]
1
