TypeError: nil can't be coerced into Integer
TypeError: nil can't be coerced into Integer
TypeError: nil can't be coerced into Integer
TypeError: nil can't be coerced into Float
TypeError: nil can't be coerced into Integer
TypeError: nil can't be coerced into Float
TypeError: nil can't be coerced into Float
TypeError: nil can't be coerced into Integer
TypeError: nil can't be coerced into Float
6
4.0
3.5
