{"a" => 1, "b" => 2, "n" => nil, "c" => 3}
nil
1
nil
9
nil
[1, nil, nil]
[1, nil]
nil
["a", 1]
["b", 2]
["n", nil]
["c", 3]
1
2
nil
3
1
2
nil
3
[1, 2, nil, 3]
{"n" => nil}
{"a" => 1, "b" => 2, "c" => 3}
[2, 4, 6]
[["n", nil], ["a", 1], ["b", 2], ["c", 3]]
["n", nil]
["c", 3]
["n", nil]
1
true
false
6
{"a" => "1", "b" => "2", "n" => "", "c" => "3"}
{"a" => 2, "b" => 3, "n" => 0, "c" => 4}
{false => [["a", 1], ["b", 2], ["c", 3]], true => [["n", nil]]}
[[["n", nil]], [["a", 1], ["b", 2], ["c", 3]]]
{"a" => 1, "b" => 2, "n" => nil, "c" => 3}
[["a", 1], ["b", 2], ["n", nil], ["c", 3]]
[["a", 1], ["b", 2], ["c", 3], ["n", nil]]
["a", 1]
[["a", 1], ["b", 2]]
{1 => "a", 2 => "b", nil => "n", 3 => "c"}
["a", 1]
{"b" => 2, "n" => nil, "c" => 3}
["n", nil]
["n", nil]
["b", 2, "n", nil, "c", 3]
"n"
{"b" => 2, "n" => [nil, 5], "c" => 3}
{"n" => 4, "b" => 2, "c" => 3}
nil
{"n" => nil}
{"b" => 2, "c" => 3, "n" => nil}
[["n", nil], ["b", 2]]
[[["a", 1], ["b", 2]], [["n", nil]]]
[[["a", 1], ["b", 2], ["n", nil]]]
["a", 1, 0]
["b", 2, 1]
["n", nil, 2]
[["a", 1], ["b", 2], ["n", nil]]
3
values.sum: TypeError: nil can't be coerced into Integer
["n", nil]
[1, 2, nil]
nil
nil
nil
{1 => 10, 2 => nil}
[10, nil]
{1 => 10}
[[2, nil], [1, 10]]
{1 => 10, 2 => nil}
{10 => 1, nil => 2}
2
[[1, 10], [2, nil]]
